node:internal/modules/cjs/loader:1568
  throw err;
  ^

Error: Cannot find module '/home/sskmvixr/sskmenterprise.com/app,js'
Require stack:
- /usr/local/lsws/fcgi-bin/lsnode.js
    at Module._resolveFilename (node:internal/modules/cjs/loader:1564:15)
    at wrapResolveFilename (node:internal/modules/cjs/loader:1118:27)
    at defaultResolveImplForCJSLoading (node:internal/modules/cjs/loader:1142:10)
    at resolveForCJSWithHooks (node:internal/modules/cjs/loader:1169:12)
    at Module._load (node:internal/modules/cjs/loader:1341:5)
    at wrapModuleLoad (node:internal/modules/cjs/loader:261:19)
    at Module.require (node:internal/modules/cjs/loader:1674:12)
    at require (node:internal/modules/helpers:157:16)
    at startApplication (/usr/local/lsws/fcgi-bin/lsnode.js:426:15)
    at Object.<anonymous> (/usr/local/lsws/fcgi-bin/lsnode.js:57:5) {
  code: 'MODULE_NOT_FOUND',
  requireStack: [ '/usr/local/lsws/fcgi-bin/lsnode.js' ]
}

Node.js v24.20.0
node:internal/modules/cjs/loader:1568
  throw err;
  ^

Error: Cannot find module '/home/sskmvixr/sskmenterprise.com/app,js'
Require stack:
- /usr/local/lsws/fcgi-bin/lsnode.js
    at Module._resolveFilename (node:internal/modules/cjs/loader:1564:15)
    at wrapResolveFilename (node:internal/modules/cjs/loader:1118:27)
    at defaultResolveImplForCJSLoading (node:internal/modules/cjs/loader:1142:10)
    at resolveForCJSWithHooks (node:internal/modules/cjs/loader:1169:12)
    at Module._load (node:internal/modules/cjs/loader:1341:5)
    at wrapModuleLoad (node:internal/modules/cjs/loader:261:19)
    at Module.require (node:internal/modules/cjs/loader:1674:12)
    at require (node:internal/modules/helpers:157:16)
    at startApplication (/usr/local/lsws/fcgi-bin/lsnode.js:426:15)
    at Object.<anonymous> (/usr/local/lsws/fcgi-bin/lsnode.js:57:5) {
  code: 'MODULE_NOT_FOUND',
  requireStack: [ '/usr/local/lsws/fcgi-bin/lsnode.js' ]
}

Node.js v24.20.0
